// Jest Snapshot v1, https://goo.gl/fbAQLP

exports[`GestionCalendarios Test Deber√≠a renderizar el componente 1`] = `
<Fragment>
  <h2>
    Gesti√≥n de calendarios 
    <span
      aria-label="Calendarios"
      role="img"
      title="Calendarios"
    >
      üìÖ
    </span>
  </h2>
  <p>
    Administre los calendarios que podr√° asignar a los Centros Vacacionales, los 
    <em>
      festivos o d√≠as de alta 
    </em>
    para la plataforma, corresponden evento √∫nico del d√≠a por el que cambia de manera din√°mica el precio del d√≠a completo seg√∫n el rango salarial de un usuario al momento de cotizar.
  </p>
  <styled.div>
    <styled.div>
      <CrearCalendario />
    </styled.div>
    <styled.div>
      <AccionesCalendario />
    </styled.div>
  </styled.div>
  <styled.hr />
</Fragment>
`;
