// Jest Snapshot v1, https://goo.gl/fbAQLP

exports[`GestionCotizaciones Test should match snapshot 1`] = `
<Fragment>
  <h2>
    BÃºsqueda de cotizaciones por Identificador 
    <span
      aria-label="BÃºsqueda cotizaciones"
      role="img"
      title="BÃºsqueda cotizaciones"
    >
      ðŸ”Ž
    </span>
  </h2>
  <p>
    Realice una bÃºsqueda rÃ¡pida por identificador para conocer los valores de la misma.
  </p>
  <styled.div>
    <styled.div>
      <BuscarCotizacion />
    </styled.div>
  </styled.div>
  <styled.hr />
</Fragment>
`;
