// Jest Snapshot v1, https://goo.gl/fbAQLP

exports[`ModalCalendarios test Deber√≠a coincidir con el snapshot 1`] = `<div />`;
