// Jest Snapshot v1, https://goo.gl/fbAQLP

exports[`GestionCategoriasUsuarios Test Deber칤a renderizar el componente 1`] = `
<Fragment>
  <h2>
    Gesti칩n de categor칤as de usuarios 
    <span
      aria-label="Categor칤as de usuarios"
      role="img"
      title="Categor칤as de usuarios"
    >
      游녻
    </span>
  </h2>
  <p>
    Gestione las categor칤as de usuarios que podr치 asignar a los Centros Vacacionales, estas categor칤as tienen influencia sobre el valor de la cotizaci칩n que un usuario obtendr치.
  </p>
  <styled.div>
    <styled.div>
      <CrearCategoria />
    </styled.div>
    <styled.div>
      <AccionesCategorias />
    </styled.div>
  </styled.div>
  <styled.hr />
</Fragment>
`;
