// Jest Snapshot v1, https://goo.gl/fbAQLP

exports[`Pruebas sobre <GlobalErrorBoundary /> Deber√≠a coincidir con el snapshot 1`] = `<Component />`;
