// Jest Snapshot v1, https://goo.gl/fbAQLP

exports[`Pruebas sobre componente <CheckBox /> Deber√≠a renderizar el elemento 1`] = `
<input
  className="sc-bdvvtL jbOFTi"
  type="checkbox"
/>
`;
