// Jest Snapshot v1, https://goo.gl/fbAQLP

exports[`Pruebas sobre componente <CheckBoxLabel /> Deber√≠a renderizar el elemento 1`] = `
<label
  className="sc-bdvvtL hKVzWT"
/>
`;
